// Jest Snapshot v1, https://goo.gl/fbAQLP

exports[`Confidence Area renders correctly 1`] = `<path />`;
