// Jest Snapshot v1, https://goo.gl/fbAQLP

exports[`Line renders correctly 1`] = `
<g>
  <path
    className=""
  />
</g>
`;
